
Vladimir@PCV MINGW64 /e/Fax/Softversko/lab (master)
$ git init
Initialized empty Git repository in E:/Fax/Softversko/lab/.git/

Vladimir@PCV MINGW64 /e/Fax/Softversko/lab (master)
$ git remote add origin git@github.com:jovanovskivladimir/SI_2022_lab1_111098.git

Vladimir@PCV MINGW64 /e/Fax/Softversko/lab (master)
$ git status
On branch master

No commits yet

nothing to commit (create/copy files and use "git add" to track)

Vladimir@PCV MINGW64 /e/Fax/Softversko/lab (master)
$ git status
On branch master

No commits yet

Untracked files:
  (use "git add <file>..." to include in what will be committed)
        shopping_list.txt

nothing added to commit but untracked files present (use "git add" to track)

Vladimir@PCV MINGW64 /e/Fax/Softversko/lab (master)
$ git pull origin master
remote: Enumerating objects: 6, done.
remote: Counting objects: 100% (6/6), done.
remote: Compressing objects: 100% (2/2), done.
remote: Total 6 (delta 0), reused 0 (delta 0), pack-reused 0
Unpacking objects: 100% (6/6), 1.24 KiB | 2.00 KiB/s, done.
From github.com:jovanovskivladimir/SI_2022_lab1_111098
 * branch            master     -> FETCH_HEAD
 * [new branch]      master     -> origin/master

Vladimir@PCV MINGW64 /e/Fax/Softversko/lab (master)
$ git status
On branch master
nothing to commit, working tree clean

Vladimir@PCV MINGW64 /e/Fax/Softversko/lab (master)
$ git status
On branch master
Untracked files:
  (use "git add <file>..." to include in what will be committed)
        shopping_list.txt

nothing added to commit but untracked files present (use "git add" to track)

Vladimir@PCV MINGW64 /e/Fax/Softversko/lab (master)
$ git add shopping_list.txt

Vladimir@PCV MINGW64 /e/Fax/Softversko/lab (master)
$ git status
On branch master
Changes to be committed:
  (use "git restore --staged <file>..." to unstage)
        new file:   shopping_list.txt


Vladimir@PCV MINGW64 /e/Fax/Softversko/lab (master)
$ git commit -m "Add 5 items to the shopping list"
Author identity unknown

*** Please tell me who you are.

Run

  git config --global user.email "you@example.com"
  git config --global user.name "Your Name"

to set your account's default identity.
Omit --global to set the identity only in this repository.

fatal: unable to auto-detect email address (got 'Vladimir@PCV.(none)')

Vladimir@PCV MINGW64 /e/Fax/Softversko/lab (master)
$ git config --global user.email "vladimir.jovanovski29@gmail.com"

Vladimir@PCV MINGW64 /e/Fax/Softversko/lab (master)
$ git commit -m "Add 5 items to the shopping list"
[master 06ff8e9] Add 5 items to the shopping list
 1 file changed, 0 insertions(+), 0 deletions(-)
 create mode 100644 shopping_list.txt

Vladimir@PCV MINGW64 /e/Fax/Softversko/lab (master)
$ git commit -m "Add quantities to the items"
On branch master
Changes not staged for commit:
  (use "git add <file>..." to update what will be committed)
  (use "git restore <file>..." to discard changes in working directory)
        modified:   shopping_list.txt

no changes added to commit (use "git add" and/or "git commit -a")

Vladimir@PCV MINGW64 /e/Fax/Softversko/lab (master)
$ git add shopping_list.txt

Vladimir@PCV MINGW64 /e/Fax/Softversko/lab (master)
$ git status
On branch master
Changes to be committed:
  (use "git restore --staged <file>..." to unstage)
        modified:   shopping_list.txt


Vladimir@PCV MINGW64 /e/Fax/Softversko/lab (master)
$ git commit -m "Add quantities to the items"
[master 6f6de03] Add quantities to the items
 1 file changed, 5 insertions(+)

Vladimir@PCV MINGW64 /e/Fax/Softversko/lab (master)
$ git branch branch1

Vladimir@PCV MINGW64 /e/Fax/Softversko/lab (master)
$ git branch branch2

Vladimir@PCV MINGW64 /e/Fax/Softversko/lab (master)
$ git push origin master
Enumerating objects: 7, done.
Counting objects: 100% (7/7), done.
Delta compression using up to 4 threads
Compressing objects: 100% (5/5), done.
Writing objects: 100% (6/6), 620 bytes | 103.00 KiB/s, done.
Total 6 (delta 0), reused 0 (delta 0), pack-reused 0
To github.com:jovanovskivladimir/SI_2022_lab1_111098.git
   834f6ef..6f6de03  master -> master

Vladimir@PCV MINGW64 /e/Fax/Softversko/lab (master)
$ git chackout branch1
git: 'chackout' is not a git command. See 'git --help'.

The most similar command is
        checkout

Vladimir@PCV MINGW64 /e/Fax/Softversko/lab (master)
$ git checkout branch1
Switched to branch 'branch1'

Vladimir@PCV MINGW64 /e/Fax/Softversko/lab (branch1)
$ git push origin branch1
Total 0 (delta 0), reused 0 (delta 0), pack-reused 0
remote:
remote: Create a pull request for 'branch1' on GitHub by visiting:
remote:      https://github.com/jovanovskivladimir/SI_2022_lab1_111098/pull/new/branch1
remote:
To github.com:jovanovskivladimir/SI_2022_lab1_111098.git
 * [new branch]      branch1 -> branch1

Vladimir@PCV MINGW64 /e/Fax/Softversko/lab (branch1)
$ git checkout branch2
Switched to branch 'branch2'

Vladimir@PCV MINGW64 /e/Fax/Softversko/lab (branch2)
$ git push origin branch2
Total 0 (delta 0), reused 0 (delta 0), pack-reused 0
remote:
remote: Create a pull request for 'branch2' on GitHub by visiting:
remote:      https://github.com/jovanovskivladimir/SI_2022_lab1_111098/pull/new/branch2
remote:
To github.com:jovanovskivladimir/SI_2022_lab1_111098.git
 * [new branch]      branch2 -> branch2

Vladimir@PCV MINGW64 /e/Fax/Softversko/lab (branch2)
$
Vladimir@PCV MINGW64 /e/Fax/Softversko/lab (branch2)
$ git checkout branch1
Switched to branch 'branch1'

Vladimir@PCV MINGW64 /e/Fax/Softversko/lab (branch1)
$ git status
On branch branch1
Changes not staged for commit:
  (use "git add <file>..." to update what will be committed)
  (use "git restore <file>..." to discard changes in working directory)
        modified:   shopping_list.txt

no changes added to commit (use "git add" and/or "git commit -a")

Vladimir@PCV MINGW64 /e/Fax/Softversko/lab (branch1)
$ git add shopping_list.txt

Vladimir@PCV MINGW64 /e/Fax/Softversko/lab (branch1)
$ git status
On branch branch1
Changes to be committed:
  (use "git restore --staged <file>..." to unstage)
        modified:   shopping_list.txt


Vladimir@PCV MINGW64 /e/Fax/Softversko/lab (branch1)
$ git commit -m "Change quantity of item #5"
[branch1 33a8b25] Change quantity of item #5
 1 file changed, 1 insertion(+), 1 deletion(-)

Vladimir@PCV MINGW64 /e/Fax/Softversko/lab (branch1)
$ git checkout master
Switched to branch 'master'

Vladimir@PCV MINGW64 /e/Fax/Softversko/lab (master)
$ git commit -m add "Change quantity of item #2"
error: pathspec 'Change quantity of item #2' did not match any file(s) known to git

Vladimir@PCV MINGW64 /e/Fax/Softversko/lab (master)
$ git status
On branch master
Changes not staged for commit:
  (use "git add <file>..." to update what will be committed)
  (use "git restore <file>..." to discard changes in working directory)
        modified:   shopping_list.txt

no changes added to commit (use "git add" and/or "git commit -a")

Vladimir@PCV MINGW64 /e/Fax/Softversko/lab (master)
$ git add shoping_list.txt
fatal: pathspec 'shoping_list.txt' did not match any files

Vladimir@PCV MINGW64 /e/Fax/Softversko/lab (master)
$ git add shopping_list.txt

Vladimir@PCV MINGW64 /e/Fax/Softversko/lab (master)
$ git status
On branch master
Changes to be committed:
  (use "git restore --staged <file>..." to unstage)
        modified:   shopping_list.txt


Vladimir@PCV MINGW64 /e/Fax/Softversko/lab (master)
$ git commit -m add "Change quantity of item #2"
error: pathspec 'Change quantity of item #2' did not match any file(s) known to git

Vladimir@PCV MINGW64 /e/Fax/Softversko/lab (master)
$ git commit -m "Change quantity of item #2"
[master 70e0b61] Change quantity of item #2
 1 file changed, 1 insertion(+), 1 deletion(-)

Vladimir@PCV MINGW64 /e/Fax/Softversko/lab (master)
$ git push origin master
Enumerating objects: 5, done.
Counting objects: 100% (5/5), done.
Delta compression using up to 4 threads
Compressing objects: 100% (3/3), done.
Writing objects: 100% (3/3), 351 bytes | 175.00 KiB/s, done.
Total 3 (delta 0), reused 0 (delta 0), pack-reused 0
To github.com:jovanovskivladimir/SI_2022_lab1_111098.git
   6f6de03..70e0b61  master -> master

Vladimir@PCV MINGW64 /e/Fax/Softversko/lab (master)
$ git checkout branch1
Switched to branch 'branch1'

Vladimir@PCV MINGW64 /e/Fax/Softversko/lab (branch1)
$ git push origin branch1
Enumerating objects: 5, done.
Counting objects: 100% (5/5), done.
Delta compression using up to 4 threads
Compressing objects: 100% (3/3), done.
Writing objects: 100% (3/3), 335 bytes | 167.00 KiB/s, done.
Total 3 (delta 1), reused 0 (delta 0), pack-reused 0
remote: Resolving deltas: 100% (1/1), completed with 1 local object.
To github.com:jovanovskivladimir/SI_2022_lab1_111098.git
   6f6de03..33a8b25  branch1 -> branch1

Vladimir@PCV MINGW64 /e/Fax/Softversko/lab (branch1)
$ git checkout branch2
Switched to branch 'branch2'

Vladimir@PCV MINGW64 /e/Fax/Softversko/lab (branch2)
$ git push origin branch2
Everything up-to-date

Vladimir@PCV MINGW64 /e/Fax/Softversko/lab (branch2)
$ git add shopping_list.txt

Vladimir@PCV MINGW64 /e/Fax/Softversko/lab (branch2)
$ git commit -m "Modify item #4"
[branch2 9095d5f] Modify item #4
 1 file changed, 1 insertion(+), 1 deletion(-)

Vladimir@PCV MINGW64 /e/Fax/Softversko/lab (branch2)
$ git add shopping_list.txt

Vladimir@PCV MINGW64 /e/Fax/Softversko/lab (branch2)
$ git commit --amend -m "Modify item #4 and add item #6"
[branch2 0746be9] Modify item #4 and add item #6
 Date: Sun Mar 27 21:21:41 2022 +0200
 1 file changed, 3 insertions(+), 2 deletions(-)

Vladimir@PCV MINGW64 /e/Fax/Softversko/lab (branch2)
$ git checkout master
Switched to branch 'master'

Vladimir@PCV MINGW64 /e/Fax/Softversko/lab (master)
$ git merge branch1
Auto-merging shopping_list.txt
hint: Waiting for your editor to close the file... unix2dos: converting file E:/Fax/Softversko/lab/.git/MERGE_MSG to DOS format...
dos2unix: converting file E:/Fax/Softversko/lab/.git/MERGE_MSG to Unix format...
Merge made by the 'ort' strategy.
 shopping_list.txt | 2 +-
 1 file changed, 1 insertion(+), 1 deletion(-)

Vladimir@PCV MINGW64 /e/Fax/Softversko/lab (master)
$ git status
On branch master
nothing to commit, working tree clean

Vladimir@PCV MINGW64 /e/Fax/Softversko/lab (master)
$ git merge branch2
Auto-merging shopping_list.txt
CONFLICT (content): Merge conflict in shopping_list.txt
Automatic merge failed; fix conflicts and then commit the result.

Vladimir@PCV MINGW64 /e/Fax/Softversko/lab (master|MERGING)
$ git status
On branch master
You have unmerged paths.
  (fix conflicts and run "git commit")
  (use "git merge --abort" to abort the merge)

Unmerged paths:
  (use "git add <file>..." to mark resolution)
        both modified:   shopping_list.txt

no changes added to commit (use "git add" and/or "git commit -a")

Vladimir@PCV MINGW64 /e/Fax/Softversko/lab (master|MERGING)
$ git add shopping_list.txt

Vladimir@PCV MINGW64 /e/Fax/Softversko/lab (master|MERGING)
$ git status
On branch master
All conflicts fixed but you are still merging.
  (use "git commit" to conclude merge)

Changes to be committed:
        modified:   shopping_list.txt


Vladimir@PCV MINGW64 /e/Fax/Softversko/lab (master|MERGING)
$ git commit -m "Conflicts fixed"
[master d9013ed] Conflicts fixed

Vladimir@PCV MINGW64 /e/Fax/Softversko/lab (master)
$

